architectures {} comments {line {1 {comment {Test attributes on different object classes}} 12 {comment {Attributes for different classes}} 27 {comment {Attribute specifications for different classes}}}} entities {{file attr_classes.vhd generics {} line 5 name attr_classes ports {{line 7 mode in name port1 type std_logic}}}} libraries {{decl {library ieee;} line 2 name ieee}} meta {file attr_classes.vhd} package_bodies {} packages {} uses {{decl ieee lib std_logic_1164 line 3 pkg all selector {}}}
