architectures {} comments {line {1 {comment {Entity with generic but no default value}}}} entities {{file no_default_generic.vhd generics {{line 7 name WIDTH type integer} {line 8 name DEPTH type positive}} line 5 name no_default_generic ports {{line 11 mode in name data type {std_logic_vector(WIDTH-1 downto 0)}}}}} libraries {{decl {library ieee;} line 2 name ieee}} meta {file no_default_generic.vhd} package_bodies {} packages {} uses {{decl ieee lib std_logic_1164 line 3 pkg all selector {}}}
