architectures {{assignments {} body_section {begin
output <= input;
end architecture rtl;} decl_section {architecture rtl of generic_entity is} declarations {} entity generic_entity file generic_entity.vhd generates {} instantiations {} line 19 name rtl processes {}}} comments {line {1 {comment {Entity with generics}}}} entities {{file generic_entity.vhd generics {{init 8 line 7 name DATA_WIDTH type integer} {init 16 line 8 name FIFO_DEPTH type positive} {init true line 9 name USE_RESET type boolean}} line 5 name generic_entity ports {{line 12 mode in name clk type std_logic} {line 13 mode in name rst type std_logic} {line 14 mode in name input type {std_logic_vector(DATA_WIDTH-1 downto 0)}} {line 15 mode out name output type {std_logic_vector(DATA_WIDTH-1 downto 0)}}}}} libraries {{decl {library ieee;} line 2 name ieee}} meta {file generic_entity.vhd} package_bodies {} packages {} uses {{decl ieee lib std_logic_1164 line 3 pkg all selector {}}}
