architectures {{assignments {} body_section {begin
output <= input;
end architecture rtl;} decl_section {architecture rtl of test_entity is} declarations {} entity test_entity file comment_between_entity_tokens.vhd generates {} instantiations {} line 16 name rtl processes {}}} comments {line {1 {comment {XFAIL: Parser cannot handle comment between __Q0__ and name}} 2 {comment {Expected: Should parse entity __Q0__ and ignore comment}} 3 {comment {Actual: Parser may fail to recognize entity or misparse name}} 8 {comment {This is a comment between entity keyword and name}}}} entities {{file comment_between_entity_tokens.vhd generics {} line 8 name test_entity ports {{line 11 mode in name input type std_logic} {line 12 mode out name output type std_logic}}}} libraries {{decl {library ieee;} line 5 name ieee}} meta {file comment_between_entity_tokens.vhd} package_bodies {} packages {} uses {{decl ieee lib std_logic_1164 line 6 pkg all selector {}}}
