architectures {} comments {line {1 {comment {Test comment association with entity declaration}} 5 {comment {This comment should be associated with the entity}} 6 {comment {It's immediately preceding with no blank line}}}} entities {{comment {This comment should be associated with the entity It's immediately preceding with no blank line} file entity_comment_assoc.vhd generics {} line 7 name entity_comment_assoc ports {{line 9 mode in name clk type std_logic}}}} libraries {{decl {library ieee;} line 2 name ieee}} meta {file entity_comment_assoc.vhd} package_bodies {} packages {} uses {{decl ieee lib std_logic_1164 line 3 pkg all selector {}}}
