architectures {{assignments {} body_section {begin
process(clk)
begin
if rising_edge(clk) then
reg <= data_in;
end if;
end process;

data_out <= reg;

end architecture rtl;} decl_section {architecture rtl of whitespace_test is
signal reg : std_logic_vector(7 downto 0);} declarations {{args {{type {std_logic_vector(7 downto 0)} init {}} {}} kind signal line 14 name reg}} entity whitespace_test file whitespace_test.vhd generates {} instantiations {} line 13 name rtl processes {{body {if rising_edge(clk) then
reg <= data_in;
end if;} classification clocked label {} line 16 sensitivity clk}}}} comments {line {1 {comment {Testing unusual whitespace and formatting}}}} entities {{file whitespace_test.vhd generics {} line 5 name whitespace_test ports {{line 7 mode in name clk type std_logic} {line 8 mode in name data_in type {std_logic_vector(7 downto 0)}} {line 9 mode out name data_out type {std_logic_vector(7 downto 0)}}}}} libraries {{decl {library ieee;} line 2 name ieee}} meta {file whitespace_test.vhd} package_bodies {} packages {} uses {{decl ieee lib std_logic_1164 line 3 pkg all selector {}}}
