architectures {{assignments {} body_section {begin
data_out <= data_in;
end architecture rtl;} decl_section {architecture rtl of generic_split is} declarations {} entity generic_split file generic_keyword_split.vhd generates {} instantiations {} line 19 name rtl processes {}}} comments {line {1 {comment {XFAIL: Parser cannot handle __Q0__ keyword split across lines}} 2 {comment {Expected: Should recognize generic declaration}} 3 {comment {Actual: Parser fails to parse generic list}}}} entities {{file generic_keyword_split.vhd generics {} line 8 name generic_split ports {{line 14 mode in name data_in type {std_logic_vector(WIDTH-1 downto 0)}} {line 15 mode out name data_out type {std_logic_vector(WIDTH-1 downto 0)}}}}} libraries {{decl {library ieee;} line 5 name ieee}} meta {file generic_keyword_split.vhd} package_bodies {} packages {} uses {{decl ieee lib std_logic_1164 line 6 pkg all selector {}}}
