architectures {{assignments {} body_section {begin

process
(
clk
)
begin
if
rising_edge
(
clk
)
then
reg1
<=
data_in
;
reg2
<=
reg1
;
end
if
;
end
process
;

data_out
<=
reg2
;

end
architecture
rtl
;} decl_section {architecture
rtl
of
split_architecture
is
signal
reg1
:
std_logic
;
signal
reg2
:
std_logic
;} declarations {{args {{type std_logic init {}} {}} kind signal line 19 name reg1} {args {{type std_logic init {}} {}} kind signal line 24 name reg2}} entity split_architecture file split_architecture.vhd generates {} instantiations {} line 13 name rtl processes {{body {if
rising_edge
(
clk
)
then
reg1
<=
data_in
;
reg2
<=
reg1
;
end
if
;} classification clocked label {} line 30 sensitivity clk}}}} comments {line {1 {comment {Test architecture with split declaration and body sections}}}} entities {{file split_architecture.vhd generics {} line 5 name split_architecture ports {{line 7 mode in name clk type std_logic} {line 8 mode in name data_in type std_logic} {line 9 mode out name data_out type std_logic}}}} libraries {{decl {library ieee;} line 2 name ieee}} meta {file split_architecture.vhd} package_bodies {} packages {} uses {{decl ieee lib std_logic_1164 line 3 pkg all selector {}}}
