architectures {{assignments {} body_section {begin
data <= '0';
end architecture rtl;} decl_section {architecture rtl of split_generics is} declarations {} entity split_generics file split_generics.vhd generates {} instantiations {} line 17 name rtl processes {}}} comments {line {1 {comment {Test generics with line breaks and irregular spacing}}}} entities {{file split_generics.vhd generics {{init 8 line 7 name DATA_WIDTH type integer} {init 16 line 8 name FIFO_DEPTH type positive} {init true line 9 name USE_RESET type boolean}} line 5 name split_generics ports {{line 12 mode in name clk type std_logic} {line 13 mode out name data type std_logic}}}} libraries {{decl {library ieee;} line 2 name ieee}} meta {file split_generics.vhd} package_bodies {} packages {} uses {{decl ieee lib std_logic_1164 line 3 pkg all selector {}}}
