architectures {{assignments {} body_section {begin
output <= input;
end architecture rtl;} decl_section {architecture rtl of lib_split is} declarations {} entity lib_split file library_name_split.vhd generates {} instantiations {} line 17 name rtl processes {}}} comments {line {1 {comment {XFAIL: Parser cannot handle library name split across lines}} 2 {comment {Expected: Should recognize __Q0__ as library name}} 3 {comment {Actual: Parser fails to parse library declaration}}}} entities {{file library_name_split.vhd generics {} line 10 name lib_split ports {{line 12 mode in name input type std_logic} {line 13 mode out name output type std_logic}}}} libraries {} meta {file library_name_split.vhd} package_bodies {} packages {} uses {{decl ieee lib std_logic_1164 line 8 pkg all selector {}}}
