architectures {{assignments {} body_section {begin
reg
<=
data_in
;
data_out
<=
reg
;
end architecture rtl;} decl_section {architecture
rtl
of
extreme_split
is
signal
reg
:
std_logic_vector
(
WIDTH
-
1
downto
0
);} declarations {{args {{type {std_logic_vector
(
WIDTH
-
1
downto
0
)} init {}} {}} kind signal line 49 name reg}} entity extreme_split file extreme_split.vhd generates {} instantiations {} line 43 name rtl processes {}}} comments {line {1 {comment {Test extreme token splitting within parser limits}}}} entities {{file extreme_split.vhd generics {{init 8 line 7 name WIDTH type integer}} line 5 name extreme_split ports {{line 14 mode in name clk type std_logic}}}} libraries {{decl {library ieee;} line 2 name ieee}} meta {file extreme_split.vhd} package_bodies {} packages {} uses {{decl ieee lib std_logic_1164 line 3 pkg all selector {}}}
