architectures {} comments {line {1 {comment {Invalid: unterminated string literal}} 9 {comment {This string is not terminated properly}}}} entities {{file unterminated_string.vhd generics {} line 5 name unterminated_string ports {}}} libraries {{decl {library ieee;} line 2 name ieee}} meta {file unterminated_string.vhd} package_bodies {} packages {} uses {{decl ieee lib std_logic_1164 line 3 pkg all selector {}}}
