architectures {} comments {line {1 {comment {Invalid: missing end statements}} 16 {comment {do something}} 17 {comment {Missing: end if;}} 18 {comment {Missing: end process;}} 19 {comment {Missing: end architecture rtl;}} 9 {comment {Missing: end entity missing_end;}}}} entities {} libraries {{decl {library ieee;} line 2 name ieee}} meta {file missing_end.vhd} package_bodies {} packages {} uses {{decl ieee lib std_logic_1164 line 3 pkg all selector {}}}
