architectures {} comments {line {1 {comment {Invalid: malformed entity declaration}} 11 {comment {Invalid: entity with duplicate port names}} 15 {comment {duplicate name}} 5 {comment {missing entity name}}}} entities {{comment {Invalid: entity with duplicate port names} file malformed_entity.vhd generics {} line 12 name duplicate_ports ports {{line 14 mode in name data type std_logic} {comment {duplicate name} line 15 mode out name data type std_logic}}}} libraries {{decl {library ieee;} line 2 name ieee}} meta {file malformed_entity.vhd} package_bodies {} packages {} uses {{decl ieee lib std_logic_1164 line 3 pkg all selector {}}}
