architectures {} comments {line {1 {comment {Invalid: incorrect type usage}} 10 {comment {Invalid: undefined type}} 13 {comment {Invalid: wrong direction keyword}} 19 {comment {Invalid: missing type}} 22 {comment {Invalid: wrong syntax for signal}} 23 {comment {missing 'signal' keyword}} 7 {comment {Invalid: using integer as port type directly (needs range)}}}} entities {{file wrong_types.vhd generics {} line 5 name wrong_types ports {{comment {Invalid: using integer as port type directly (needs range)} line 8 mode in name count type integer} {comment {Invalid: undefined type} line 11 mode in name data type undefined_type}}}} libraries {{decl {library ieee;} line 2 name ieee}} meta {file wrong_types.vhd} package_bodies {} packages {} uses {{decl ieee lib std_logic_1164 line 3 pkg all selector {}}}
