architectures {{assignments {} body_section {begin
data <= clk;
end architecture rtl;} decl_section {architecture rtl of port_split is} declarations {} entity port_split file port_keyword_split.vhd generates {} instantiations {} line 17 name rtl processes {}}} comments {line {1 {comment {INVALID_SYNTAX: VHDL keywords cannot be split across lines}} 2 {comment {This is NOT a parser limitation - this is invalid VHDL syntax}} 3 {comment {Expected: Parser should reject this with an error}} 4 {comment {Note: Splitting __Q0__ as __Q1__ violates VHDL language rules}}}} entities {{file port_keyword_split.vhd generics {} line 9 name port_split ports {}}} libraries {{decl {library ieee;} line 6 name ieee}} meta {file port_keyword_split.vhd} metadata {description {Splitting __Q0__ as __Q1__ violates VHDL language rules}} package_bodies {} packages {} uses {{decl ieee lib std_logic_1164 line 7 pkg all selector {}}}
