architectures {} comments {line {1 {comment {Based literals: binary, octal, hex (tests empty entity with no ports/generics)}} 13 {comment {Octal based literals}} 17 {comment {Hexadecimal based literals}} 20 {comment lowercase} 21 {comment {mixed case}} 23 {comment {With exponents}} 24 {comment {15 * 16^2}} 25 {comment {10 * 2^3}} 27 {comment {Edge case: base 16 with all hex digits}} 9 {comment {Binary based literals}}}} entities {{file based_literals.vhd generics {} line 5 name based_literals ports {}}} libraries {{decl {library ieee;} line 2 name ieee}} meta {file based_literals.vhd} package_bodies {} packages {} uses {{decl ieee lib std_logic_1164 line 3 pkg all selector {}}}
