architectures {} comments {line {1 {comment {Real literals and scientific notation (tests empty entity)}} 14 {comment {Scientific notation}} 15 {comment {1 million}} 16 {comment 0.0025} 17 {comment 12300} 19 {comment {Edge cases}} 21 {comment 1.0} 22 {comment {very large}} 24 {comment {With underscores}} 28 {comment {Integer literals with underscores}} 9 {comment {Basic real literals}}}} entities {{file real_and_scientific.vhd generics {} line 5 name real_literals ports {}}} libraries {{decl {library ieee;} line 2 name ieee}} meta {file real_and_scientific.vhd} package_bodies {} packages {} uses {{decl ieee lib std_logic_1164 line 3 pkg all selector {}}}
