architectures {{assignments {} body_section {begin

end architecture rtl;} decl_section {architecture rtl of context_user is} declarations {} entity context_user file user_context.vhd generates {} instantiations {} line 21 name rtl processes {}}} comments {line {1 {comment {User-defined context declaration (VHDL-2008)}} 12 {comment {Entity using context}} 23 {comment content}}} entities {{file user_context.vhd generics {} line 15 name context_user ports {{line 17 mode in name input type std_logic}}}} libraries {{decl {library ieee;} line 2 name ieee} {decl {library ieee;} line 7 name ieee}} meta {file user_context.vhd} package_bodies {} packages {} uses {{decl ieee lib std_logic_1164 line 3 pkg all selector {}} {decl ieee lib numeric_std line 4 pkg all selector {}} {decl ieee lib std_logic_1164 line 8 pkg all selector {}} {decl ieee lib numeric_std line 9 pkg all selector {}}}
